<html>
<body>
<pre>
<h1>µVision Build Log</h1>
<h2>Tool Versions:</h2>
IDE-Version: µVision V5.16.0.0
Copyright (C) 2015 ARM Ltd and ARM Germany GmbH. All rights reserved.
License Information: Christopher Jordan - Denny, Digi-Key, LIC=----
 
Tool Versions:
Toolchain:       MDK-Lite  Version: 5.16.0.0
Toolchain Path:  H:\Keil_V5\ARM\ARMCC\Bin
C Compiler:      Armcc.exe V5.06 (build 20)
Assembler:       Armasm.exe V5.06 (build 20)
Linker/Locator:  ArmLink.exe V5.06 (build 20)
Library Manager: ArmAr.exe V5.06 (build 20)
Hex Converter:   FromElf.exe V5.06 (build 20)
CPU DLL:         SARMCM3.DLL V5.16.0.0
Dialog DLL:      DARMCM1.DLL V1.12.0.0
Target DLL:      STLink\ST-LINKIII-KEIL_SWO.dll V2.0.17.0
Dialog DLL:      TARMCM1.DLL V1.9.0.0
 
<h2>Project:</h2>
E:\Documents\GitHub\SeniorDesign\STM32DAQ_Code\DAQ.uvprojx
Project File Date:  09/01/2015

<h2>Output:</h2>
*** Using Compiler 'V5.06 (build 20)', folder: 'H:\Keil_V5\ARM\ARMCC\Bin'
Rebuild target 'STM32L053R8T6'
compiling Retarget.c...
assembling startup_stm32l053xx.s...
compiling PWM.c...
compiling ADC.c...
compiling GPIO.c...
compiling Serial.c...
compiling Timing.c...
compiling main.c...
compiling system_stm32l0xx.c...
linking...
Program Size: Code=3060 RO-data=224 RW-data=56 ZI-data=1632  
".\Objects\DAQ.axf" - 0 Error(s), 0 Warning(s).

<h2>Software Packages used:</h2>

Package Vendor: ARM
                http://www.keil.com/pack/ARM.CMSIS.4.3.0.pack
                ARM::CMSIS:CORE:4.1.0
                CMSIS (Cortex Microcontroller Software Interface Standard)
   * Component: CORE Version: 4.1.0
   * Component: DSP Version: 1.4.5

Package Vendor: Keil
                http://www.keil.com/pack/Keil.STM32L0xx_DFP.1.3.0.pack
                Keil::Device:Startup:1.0.0
                STMicroelectronics STM32L0 Series Device Support and Examples
   * Component: Startup Version: 1.0.0

<h2>Collection of Component include folders:</h2>
  E:\Documents\GitHub\SeniorDesign\STM32DAQ_Code\RTE
  H:\Keil_V5\ARM\PACK\ARM\CMSIS\4.3.0\CMSIS\Include
  H:\Keil_V5\ARM\PACK\Keil\STM32L0xx_DFP\1.3.0\Device\Include

<h2>Collection of Component Files used:</h2>

   * Component: ARM::CMSIS:CORE:4.1.0

   * Component: ARM::CMSIS:DSP:1.4.5
      Include file:  CMSIS\Include\arm_math.h
      Library file:  CMSIS\Lib\ARM\arm_cortexM0l_math.lib

   * Component: Keil::Device:Startup:1.0.0
      Source file:   Device\Source\system_stm32l0xx.c
      Source file:   Device\Source\ARM\startup_stm32l053xx.s
Build Time Elapsed:  00:00:01
</pre>
</body>
</html>
